[0.064s] DEBUG:colcon:Command line arguments: ['/usr/bin/colcon', 'build', '--symlink-install', '--packages-select', 'dddnav_std_descriptor', '--cmake-args', '-DCMAKE_BUILD_TYPE=Release']
[0.064s] DEBUG:colcon:Parsed command line arguments: Namespace(log_base=None, log_level=None, verb_name='build', build_base='build', install_base='install', merge_install=False, symlink_install=True, test_result_base=None, continue_on_error=False, executor='parallel', parallel_workers=20, event_handlers=None, ignore_user_meta=False, metas=['./colcon.meta'], base_paths=['.'], packages_ignore=None, packages_ignore_regex=None, paths=None, packages_up_to=None, packages_up_to_regex=None, packages_above=None, packages_above_and_dependencies=None, packages_above_depth=None, packages_select_by_dep=None, packages_skip_by_dep=None, packages_skip_up_to=None, packages_select_build_failed=False, packages_skip_build_finished=False, packages_select_test_failures=False, packages_skip_test_passed=False, packages_select=['dddnav_std_descriptor'], packages_skip=None, packages_select_regex=None, packages_skip_regex=None, packages_start=None, packages_end=None, allow_overriding=[], cmake_args=['-DCMAKE_BUILD_TYPE=Release'], cmake_target=None, cmake_target_skip_unavailable=False, cmake_clean_cache=False, cmake_clean_first=False, cmake_force_configure=False, ament_cmake_args=None, catkin_cmake_args=None, catkin_skip_building_tests=False, verb_parser=<colcon_defaults.argument_parser.defaults.DefaultArgumentsDecorator object at 0x781e44d761a0>, verb_extension=<colcon_core.verb.build.BuildVerb object at 0x781e44e6b580>, main=<bound method BuildVerb.main of <colcon_core.verb.build.BuildVerb object at 0x781e44e6b580>>)
[0.168s] Level 1:colcon.colcon_core.package_discovery:discover_packages(colcon_meta) check parameters
[0.168s] Level 1:colcon.colcon_core.package_discovery:discover_packages(recursive) check parameters
[0.168s] Level 1:colcon.colcon_core.package_discovery:discover_packages(ignore) check parameters
[0.168s] Level 1:colcon.colcon_core.package_discovery:discover_packages(path) check parameters
[0.168s] Level 1:colcon.colcon_core.package_discovery:discover_packages(colcon_meta) discover
[0.168s] Level 1:colcon.colcon_core.package_discovery:discover_packages(recursive) discover
[0.168s] INFO:colcon.colcon_core.package_discovery:Crawling recursively for packages in '/home/lxg/A_workspace/Nav2/ddd_navigation/src/dddnav_std_descriptor'
[0.168s] Level 1:colcon.colcon_core.package_identification:_identify(.) by extensions ['ignore', 'ignore_ament_install']
[0.168s] Level 1:colcon.colcon_core.package_identification:_identify(.) by extension 'ignore'
[0.168s] Level 1:colcon.colcon_core.package_identification:_identify(.) by extension 'ignore_ament_install'
[0.168s] Level 1:colcon.colcon_core.package_identification:_identify(.) by extensions ['colcon_pkg']
[0.168s] Level 1:colcon.colcon_core.package_identification:_identify(.) by extension 'colcon_pkg'
[0.168s] Level 1:colcon.colcon_core.package_identification:_identify(.) by extensions ['colcon_meta']
[0.168s] Level 1:colcon.colcon_core.package_identification:_identify(.) by extension 'colcon_meta'
[0.168s] Level 1:colcon.colcon_core.package_identification:_identify(.) by extensions ['ros']
[0.168s] Level 1:colcon.colcon_core.package_identification:_identify(.) by extension 'ros'
[0.194s] DEBUG:colcon.colcon_core.package_identification:Package '.' with type 'ros.ament_cmake' and name 'dddnav_std_descriptor'
[0.194s] Level 1:colcon.colcon_core.package_discovery:discover_packages(recursive) using defaults
[0.194s] Level 1:colcon.colcon_core.package_discovery:discover_packages(ignore) discover
[0.194s] Level 1:colcon.colcon_core.package_discovery:discover_packages(ignore) using defaults
[0.194s] Level 1:colcon.colcon_core.package_discovery:discover_packages(path) discover
[0.194s] Level 1:colcon.colcon_core.package_discovery:discover_packages(path) using defaults
[0.207s] Level 1:colcon.colcon_core.package_discovery:discover_packages(prefix_path) check parameters
[0.207s] Level 1:colcon.colcon_core.package_discovery:discover_packages(prefix_path) discover
[0.209s] DEBUG:colcon.colcon_installed_package_information.package_discovery:Found 468 installed packages in /opt/ros/humble
[0.210s] Level 1:colcon.colcon_core.package_discovery:discover_packages(prefix_path) using defaults
[0.242s] Level 5:colcon.colcon_core.verb:set package 'dddnav_std_descriptor' build argument 'cmake_args' from command line to '['-DCMAKE_BUILD_TYPE=Release']'
[0.242s] Level 5:colcon.colcon_core.verb:set package 'dddnav_std_descriptor' build argument 'cmake_target' from command line to 'None'
[0.242s] Level 5:colcon.colcon_core.verb:set package 'dddnav_std_descriptor' build argument 'cmake_target_skip_unavailable' from command line to 'False'
[0.242s] Level 5:colcon.colcon_core.verb:set package 'dddnav_std_descriptor' build argument 'cmake_clean_cache' from command line to 'False'
[0.242s] Level 5:colcon.colcon_core.verb:set package 'dddnav_std_descriptor' build argument 'cmake_clean_first' from command line to 'False'
[0.242s] Level 5:colcon.colcon_core.verb:set package 'dddnav_std_descriptor' build argument 'cmake_force_configure' from command line to 'False'
[0.242s] Level 5:colcon.colcon_core.verb:set package 'dddnav_std_descriptor' build argument 'ament_cmake_args' from command line to 'None'
[0.242s] Level 5:colcon.colcon_core.verb:set package 'dddnav_std_descriptor' build argument 'catkin_cmake_args' from command line to 'None'
[0.242s] Level 5:colcon.colcon_core.verb:set package 'dddnav_std_descriptor' build argument 'catkin_skip_building_tests' from command line to 'False'
[0.242s] DEBUG:colcon.colcon_core.verb:Building package 'dddnav_std_descriptor' with the following arguments: {'ament_cmake_args': None, 'build_base': '/home/lxg/A_workspace/Nav2/ddd_navigation/src/dddnav_std_descriptor/build/dddnav_std_descriptor', 'catkin_cmake_args': None, 'catkin_skip_building_tests': False, 'cmake_args': ['-DCMAKE_BUILD_TYPE=Release'], 'cmake_clean_cache': False, 'cmake_clean_first': False, 'cmake_force_configure': False, 'cmake_target': None, 'cmake_target_skip_unavailable': False, 'install_base': '/home/lxg/A_workspace/Nav2/ddd_navigation/src/dddnav_std_descriptor/install/dddnav_std_descriptor', 'merge_install': False, 'path': '/home/lxg/A_workspace/Nav2/ddd_navigation/src/dddnav_std_descriptor', 'symlink_install': True, 'test_result_base': None}
[0.242s] INFO:colcon.colcon_core.executor:Executing jobs using 'parallel' executor
[0.243s] DEBUG:colcon.colcon_parallel_executor.executor.parallel:run_until_complete
[0.243s] INFO:colcon.colcon_ros.task.ament_cmake.build:Building ROS package in '/home/lxg/A_workspace/Nav2/ddd_navigation/src/dddnav_std_descriptor' with build type 'ament_cmake'
[0.243s] INFO:colcon.colcon_cmake.task.cmake.build:Building CMake package in '/home/lxg/A_workspace/Nav2/ddd_navigation/src/dddnav_std_descriptor'
[0.245s] INFO:colcon.colcon_core.plugin_system:Skipping extension 'colcon_core.shell.bat': Not used on non-Windows systems
[0.245s] INFO:colcon.colcon_core.shell:Skip shell extension 'powershell' for command environment: Not usable outside of PowerShell
[0.245s] DEBUG:colcon.colcon_core.shell:Skip shell extension 'dsv' for command environment
[0.250s] DEBUG:colcon.colcon_core.event_handler.log_command:Invoking command in '/home/lxg/A_workspace/Nav2/ddd_navigation/src/dddnav_std_descriptor/build/dddnav_std_descriptor': CMAKE_PREFIX_PATH=/opt/ros/humble /usr/bin/cmake --build /home/lxg/A_workspace/Nav2/ddd_navigation/src/dddnav_std_descriptor/build/dddnav_std_descriptor -- -j20 -l20
[0.328s] DEBUG:colcon.colcon_core.event_handler.log_command:Invoked command in '/home/lxg/A_workspace/Nav2/ddd_navigation/src/dddnav_std_descriptor/build/dddnav_std_descriptor' returned '0': CMAKE_PREFIX_PATH=/opt/ros/humble /usr/bin/cmake --build /home/lxg/A_workspace/Nav2/ddd_navigation/src/dddnav_std_descriptor/build/dddnav_std_descriptor -- -j20 -l20
[0.336s] DEBUG:colcon.colcon_core.event_handler.log_command:Invoking command in '/home/lxg/A_workspace/Nav2/ddd_navigation/src/dddnav_std_descriptor/build/dddnav_std_descriptor': CMAKE_PREFIX_PATH=/opt/ros/humble /usr/bin/cmake --install /home/lxg/A_workspace/Nav2/ddd_navigation/src/dddnav_std_descriptor/build/dddnav_std_descriptor
[0.356s] Level 1:colcon.colcon_core.environment:create_environment_scripts_only(dddnav_std_descriptor)
[0.357s] DEBUG:colcon.colcon_core.event_handler.log_command:Invoked command in '/home/lxg/A_workspace/Nav2/ddd_navigation/src/dddnav_std_descriptor/build/dddnav_std_descriptor' returned '0': CMAKE_PREFIX_PATH=/opt/ros/humble /usr/bin/cmake --install /home/lxg/A_workspace/Nav2/ddd_navigation/src/dddnav_std_descriptor/build/dddnav_std_descriptor
[0.358s] Level 1:colcon.colcon_core.environment:checking '/home/lxg/A_workspace/Nav2/ddd_navigation/src/dddnav_std_descriptor/install/dddnav_std_descriptor' for CMake module files
[0.358s] Level 1:colcon.colcon_core.environment:checking '/home/lxg/A_workspace/Nav2/ddd_navigation/src/dddnav_std_descriptor/install/dddnav_std_descriptor' for CMake config files
[0.359s] Level 1:colcon.colcon_core.shell:create_environment_hook('dddnav_std_descriptor', 'cmake_prefix_path')
[0.359s] INFO:colcon.colcon_core.shell:Creating environment hook '/home/lxg/A_workspace/Nav2/ddd_navigation/src/dddnav_std_descriptor/install/dddnav_std_descriptor/share/dddnav_std_descriptor/hook/cmake_prefix_path.ps1'
[0.359s] INFO:colcon.colcon_core.shell:Creating environment descriptor '/home/lxg/A_workspace/Nav2/ddd_navigation/src/dddnav_std_descriptor/install/dddnav_std_descriptor/share/dddnav_std_descriptor/hook/cmake_prefix_path.dsv'
[0.359s] INFO:colcon.colcon_core.shell:Creating environment hook '/home/lxg/A_workspace/Nav2/ddd_navigation/src/dddnav_std_descriptor/install/dddnav_std_descriptor/share/dddnav_std_descriptor/hook/cmake_prefix_path.sh'
[0.360s] Level 1:colcon.colcon_core.environment:checking '/home/lxg/A_workspace/Nav2/ddd_navigation/src/dddnav_std_descriptor/install/dddnav_std_descriptor/lib'
[0.360s] Level 1:colcon.colcon_core.shell:create_environment_hook('dddnav_std_descriptor', 'ld_library_path_lib')
[0.360s] INFO:colcon.colcon_core.shell:Creating environment hook '/home/lxg/A_workspace/Nav2/ddd_navigation/src/dddnav_std_descriptor/install/dddnav_std_descriptor/share/dddnav_std_descriptor/hook/ld_library_path_lib.ps1'
[0.360s] INFO:colcon.colcon_core.shell:Creating environment descriptor '/home/lxg/A_workspace/Nav2/ddd_navigation/src/dddnav_std_descriptor/install/dddnav_std_descriptor/share/dddnav_std_descriptor/hook/ld_library_path_lib.dsv'
[0.361s] INFO:colcon.colcon_core.shell:Creating environment hook '/home/lxg/A_workspace/Nav2/ddd_navigation/src/dddnav_std_descriptor/install/dddnav_std_descriptor/share/dddnav_std_descriptor/hook/ld_library_path_lib.sh'
[0.361s] Level 1:colcon.colcon_core.environment:checking '/home/lxg/A_workspace/Nav2/ddd_navigation/src/dddnav_std_descriptor/install/dddnav_std_descriptor/bin'
[0.361s] Level 1:colcon.colcon_core.environment:checking '/home/lxg/A_workspace/Nav2/ddd_navigation/src/dddnav_std_descriptor/install/dddnav_std_descriptor/lib/pkgconfig/dddnav_std_descriptor.pc'
[0.361s] Level 1:colcon.colcon_core.environment:checking '/home/lxg/A_workspace/Nav2/ddd_navigation/src/dddnav_std_descriptor/install/dddnav_std_descriptor/lib/python3.10/site-packages'
[0.361s] Level 1:colcon.colcon_core.environment:checking '/home/lxg/A_workspace/Nav2/ddd_navigation/src/dddnav_std_descriptor/install/dddnav_std_descriptor/bin'
[0.362s] INFO:colcon.colcon_core.shell:Creating package script '/home/lxg/A_workspace/Nav2/ddd_navigation/src/dddnav_std_descriptor/install/dddnav_std_descriptor/share/dddnav_std_descriptor/package.ps1'
[0.362s] INFO:colcon.colcon_core.shell:Creating package descriptor '/home/lxg/A_workspace/Nav2/ddd_navigation/src/dddnav_std_descriptor/install/dddnav_std_descriptor/share/dddnav_std_descriptor/package.dsv'
[0.362s] INFO:colcon.colcon_core.shell:Creating package script '/home/lxg/A_workspace/Nav2/ddd_navigation/src/dddnav_std_descriptor/install/dddnav_std_descriptor/share/dddnav_std_descriptor/package.sh'
[0.363s] INFO:colcon.colcon_core.shell:Creating package script '/home/lxg/A_workspace/Nav2/ddd_navigation/src/dddnav_std_descriptor/install/dddnav_std_descriptor/share/dddnav_std_descriptor/package.bash'
[0.363s] INFO:colcon.colcon_core.shell:Creating package script '/home/lxg/A_workspace/Nav2/ddd_navigation/src/dddnav_std_descriptor/install/dddnav_std_descriptor/share/dddnav_std_descriptor/package.zsh'
[0.364s] Level 1:colcon.colcon_core.environment:create_file_with_runtime_dependencies(/home/lxg/A_workspace/Nav2/ddd_navigation/src/dddnav_std_descriptor/install/dddnav_std_descriptor/share/colcon-core/packages/dddnav_std_descriptor)
[0.364s] Level 1:colcon.colcon_core.environment:create_environment_scripts_only(dddnav_std_descriptor)
[0.364s] Level 1:colcon.colcon_core.environment:checking '/home/lxg/A_workspace/Nav2/ddd_navigation/src/dddnav_std_descriptor/install/dddnav_std_descriptor' for CMake module files
[0.365s] Level 1:colcon.colcon_core.environment:checking '/home/lxg/A_workspace/Nav2/ddd_navigation/src/dddnav_std_descriptor/install/dddnav_std_descriptor' for CMake config files
[0.365s] Level 1:colcon.colcon_core.shell:create_environment_hook('dddnav_std_descriptor', 'cmake_prefix_path')
[0.365s] INFO:colcon.colcon_core.shell:Creating environment hook '/home/lxg/A_workspace/Nav2/ddd_navigation/src/dddnav_std_descriptor/install/dddnav_std_descriptor/share/dddnav_std_descriptor/hook/cmake_prefix_path.ps1'
[0.365s] INFO:colcon.colcon_core.shell:Creating environment descriptor '/home/lxg/A_workspace/Nav2/ddd_navigation/src/dddnav_std_descriptor/install/dddnav_std_descriptor/share/dddnav_std_descriptor/hook/cmake_prefix_path.dsv'
[0.366s] INFO:colcon.colcon_core.shell:Creating environment hook '/home/lxg/A_workspace/Nav2/ddd_navigation/src/dddnav_std_descriptor/install/dddnav_std_descriptor/share/dddnav_std_descriptor/hook/cmake_prefix_path.sh'
[0.366s] Level 1:colcon.colcon_core.environment:checking '/home/lxg/A_workspace/Nav2/ddd_navigation/src/dddnav_std_descriptor/install/dddnav_std_descriptor/lib'
[0.366s] Level 1:colcon.colcon_core.shell:create_environment_hook('dddnav_std_descriptor', 'ld_library_path_lib')
[0.366s] INFO:colcon.colcon_core.shell:Creating environment hook '/home/lxg/A_workspace/Nav2/ddd_navigation/src/dddnav_std_descriptor/install/dddnav_std_descriptor/share/dddnav_std_descriptor/hook/ld_library_path_lib.ps1'
[0.367s] INFO:colcon.colcon_core.shell:Creating environment descriptor '/home/lxg/A_workspace/Nav2/ddd_navigation/src/dddnav_std_descriptor/install/dddnav_std_descriptor/share/dddnav_std_descriptor/hook/ld_library_path_lib.dsv'
[0.367s] INFO:colcon.colcon_core.shell:Creating environment hook '/home/lxg/A_workspace/Nav2/ddd_navigation/src/dddnav_std_descriptor/install/dddnav_std_descriptor/share/dddnav_std_descriptor/hook/ld_library_path_lib.sh'
[0.367s] Level 1:colcon.colcon_core.environment:checking '/home/lxg/A_workspace/Nav2/ddd_navigation/src/dddnav_std_descriptor/install/dddnav_std_descriptor/bin'
[0.367s] Level 1:colcon.colcon_core.environment:checking '/home/lxg/A_workspace/Nav2/ddd_navigation/src/dddnav_std_descriptor/install/dddnav_std_descriptor/lib/pkgconfig/dddnav_std_descriptor.pc'
[0.367s] Level 1:colcon.colcon_core.environment:checking '/home/lxg/A_workspace/Nav2/ddd_navigation/src/dddnav_std_descriptor/install/dddnav_std_descriptor/lib/python3.10/site-packages'
[0.368s] Level 1:colcon.colcon_core.environment:checking '/home/lxg/A_workspace/Nav2/ddd_navigation/src/dddnav_std_descriptor/install/dddnav_std_descriptor/bin'
[0.368s] INFO:colcon.colcon_core.shell:Creating package script '/home/lxg/A_workspace/Nav2/ddd_navigation/src/dddnav_std_descriptor/install/dddnav_std_descriptor/share/dddnav_std_descriptor/package.ps1'
[0.368s] INFO:colcon.colcon_core.shell:Creating package descriptor '/home/lxg/A_workspace/Nav2/ddd_navigation/src/dddnav_std_descriptor/install/dddnav_std_descriptor/share/dddnav_std_descriptor/package.dsv'
[0.368s] INFO:colcon.colcon_core.shell:Creating package script '/home/lxg/A_workspace/Nav2/ddd_navigation/src/dddnav_std_descriptor/install/dddnav_std_descriptor/share/dddnav_std_descriptor/package.sh'
[0.369s] INFO:colcon.colcon_core.shell:Creating package script '/home/lxg/A_workspace/Nav2/ddd_navigation/src/dddnav_std_descriptor/install/dddnav_std_descriptor/share/dddnav_std_descriptor/package.bash'
[0.369s] INFO:colcon.colcon_core.shell:Creating package script '/home/lxg/A_workspace/Nav2/ddd_navigation/src/dddnav_std_descriptor/install/dddnav_std_descriptor/share/dddnav_std_descriptor/package.zsh'
[0.369s] Level 1:colcon.colcon_core.environment:create_file_with_runtime_dependencies(/home/lxg/A_workspace/Nav2/ddd_navigation/src/dddnav_std_descriptor/install/dddnav_std_descriptor/share/colcon-core/packages/dddnav_std_descriptor)
[0.369s] DEBUG:colcon.colcon_parallel_executor.executor.parallel:closing loop
[0.370s] DEBUG:colcon.colcon_parallel_executor.executor.parallel:loop closed
[0.370s] DEBUG:colcon.colcon_parallel_executor.executor.parallel:run_until_complete finished with '0'
[0.370s] DEBUG:colcon.colcon_core.event_reactor:joining thread
[0.373s] INFO:colcon.colcon_core.plugin_system:Skipping extension 'colcon_notification.desktop_notification.terminal_notifier': Not used on non-Darwin systems
[0.373s] INFO:colcon.colcon_core.plugin_system:Skipping extension 'colcon_notification.desktop_notification.win32': Not used on non-Windows systems
[0.373s] INFO:colcon.colcon_notification.desktop_notification:Sending desktop notification using 'notify2'
[0.382s] DEBUG:colcon.colcon_core.event_reactor:joined thread
[0.382s] INFO:colcon.colcon_core.shell:Creating prefix script '/home/lxg/A_workspace/Nav2/ddd_navigation/src/dddnav_std_descriptor/install/local_setup.ps1'
[0.383s] INFO:colcon.colcon_core.shell:Creating prefix util module '/home/lxg/A_workspace/Nav2/ddd_navigation/src/dddnav_std_descriptor/install/_local_setup_util_ps1.py'
[0.384s] INFO:colcon.colcon_core.shell:Creating prefix chain script '/home/lxg/A_workspace/Nav2/ddd_navigation/src/dddnav_std_descriptor/install/setup.ps1'
[0.385s] INFO:colcon.colcon_core.shell:Creating prefix script '/home/lxg/A_workspace/Nav2/ddd_navigation/src/dddnav_std_descriptor/install/local_setup.sh'
[0.385s] INFO:colcon.colcon_core.shell:Creating prefix util module '/home/lxg/A_workspace/Nav2/ddd_navigation/src/dddnav_std_descriptor/install/_local_setup_util_sh.py'
[0.385s] INFO:colcon.colcon_core.shell:Creating prefix chain script '/home/lxg/A_workspace/Nav2/ddd_navigation/src/dddnav_std_descriptor/install/setup.sh'
[0.386s] INFO:colcon.colcon_core.shell:Creating prefix script '/home/lxg/A_workspace/Nav2/ddd_navigation/src/dddnav_std_descriptor/install/local_setup.bash'
[0.387s] INFO:colcon.colcon_core.shell:Creating prefix chain script '/home/lxg/A_workspace/Nav2/ddd_navigation/src/dddnav_std_descriptor/install/setup.bash'
[0.388s] INFO:colcon.colcon_core.shell:Creating prefix script '/home/lxg/A_workspace/Nav2/ddd_navigation/src/dddnav_std_descriptor/install/local_setup.zsh'
[0.389s] INFO:colcon.colcon_core.shell:Creating prefix chain script '/home/lxg/A_workspace/Nav2/ddd_navigation/src/dddnav_std_descriptor/install/setup.zsh'
