[0.065s] DEBUG:colcon:Command line arguments: ['/usr/bin/colcon', 'build', '--symlink-install', '--packages-select', 'lio_sam', '--cmake-args', '-DCMAKE_BUILD_TYPE=Release']
[0.065s] DEBUG:colcon:Parsed command line arguments: Namespace(log_base=None, log_level=None, verb_name='build', build_base='build', install_base='install', merge_install=False, symlink_install=True, test_result_base=None, continue_on_error=False, executor='parallel', parallel_workers=20, event_handlers=None, ignore_user_meta=False, metas=['./colcon.meta'], base_paths=['.'], packages_ignore=None, packages_ignore_regex=None, paths=None, packages_up_to=None, packages_up_to_regex=None, packages_above=None, packages_above_and_dependencies=None, packages_above_depth=None, packages_select_by_dep=None, packages_skip_by_dep=None, packages_skip_up_to=None, packages_select_build_failed=False, packages_skip_build_finished=False, packages_select_test_failures=False, packages_skip_test_passed=False, packages_select=['lio_sam'], packages_skip=None, packages_select_regex=None, packages_skip_regex=None, packages_start=None, packages_end=None, allow_overriding=[], cmake_args=['-DCMAKE_BUILD_TYPE=Release'], cmake_target=None, cmake_target_skip_unavailable=False, cmake_clean_cache=False, cmake_clean_first=False, cmake_force_configure=False, ament_cmake_args=None, catkin_cmake_args=None, catkin_skip_building_tests=False, verb_parser=<colcon_defaults.argument_parser.defaults.DefaultArgumentsDecorator object at 0x7ff4128361a0>, verb_extension=<colcon_core.verb.build.BuildVerb object at 0x7ff412967580>, main=<bound method BuildVerb.main of <colcon_core.verb.build.BuildVerb object at 0x7ff412967580>>)
[0.169s] Level 1:colcon.colcon_core.package_discovery:discover_packages(colcon_meta) check parameters
[0.169s] Level 1:colcon.colcon_core.package_discovery:discover_packages(recursive) check parameters
[0.169s] Level 1:colcon.colcon_core.package_discovery:discover_packages(ignore) check parameters
[0.169s] Level 1:colcon.colcon_core.package_discovery:discover_packages(path) check parameters
[0.169s] Level 1:colcon.colcon_core.package_discovery:discover_packages(colcon_meta) discover
[0.169s] Level 1:colcon.colcon_core.package_discovery:discover_packages(recursive) discover
[0.169s] INFO:colcon.colcon_core.package_discovery:Crawling recursively for packages in '/home/lxg/A_workspace/Nav2/ddd_navigation/src/dddnav_std_descriptor'
[0.169s] Level 1:colcon.colcon_core.package_identification:_identify(.) by extensions ['ignore', 'ignore_ament_install']
[0.169s] Level 1:colcon.colcon_core.package_identification:_identify(.) by extension 'ignore'
[0.169s] Level 1:colcon.colcon_core.package_identification:_identify(.) by extension 'ignore_ament_install'
[0.169s] Level 1:colcon.colcon_core.package_identification:_identify(.) by extensions ['colcon_pkg']
[0.169s] Level 1:colcon.colcon_core.package_identification:_identify(.) by extension 'colcon_pkg'
[0.169s] Level 1:colcon.colcon_core.package_identification:_identify(.) by extensions ['colcon_meta']
[0.169s] Level 1:colcon.colcon_core.package_identification:_identify(.) by extension 'colcon_meta'
[0.169s] Level 1:colcon.colcon_core.package_identification:_identify(.) by extensions ['ros']
[0.169s] Level 1:colcon.colcon_core.package_identification:_identify(.) by extension 'ros'
[0.195s] DEBUG:colcon.colcon_core.package_identification:Package '.' with type 'ros.ament_cmake' and name 'dddnav_std_descriptor'
[0.195s] Level 1:colcon.colcon_core.package_discovery:discover_packages(recursive) using defaults
[0.195s] Level 1:colcon.colcon_core.package_discovery:discover_packages(ignore) discover
[0.195s] Level 1:colcon.colcon_core.package_discovery:discover_packages(ignore) using defaults
[0.195s] Level 1:colcon.colcon_core.package_discovery:discover_packages(path) discover
[0.195s] Level 1:colcon.colcon_core.package_discovery:discover_packages(path) using defaults
[0.196s] WARNING:colcon.colcon_core.package_selection:ignoring unknown package 'lio_sam' in --packages-select
[0.208s] INFO:colcon.colcon_core.package_selection:Skipping not selected package 'dddnav_std_descriptor' in '.'
[0.208s] Level 1:colcon.colcon_core.package_discovery:discover_packages(prefix_path) check parameters
[0.208s] Level 1:colcon.colcon_core.package_discovery:discover_packages(prefix_path) discover
[0.210s] DEBUG:colcon.colcon_installed_package_information.package_discovery:Found 468 installed packages in /opt/ros/humble
[0.211s] Level 1:colcon.colcon_core.package_discovery:discover_packages(prefix_path) using defaults
[0.242s] INFO:colcon.colcon_core.executor:Executing jobs using 'parallel' executor
[0.243s] DEBUG:colcon.colcon_parallel_executor.executor.parallel:run_until_complete
[0.243s] DEBUG:colcon.colcon_parallel_executor.executor.parallel:closing loop
[0.243s] DEBUG:colcon.colcon_parallel_executor.executor.parallel:loop closed
[0.243s] DEBUG:colcon.colcon_parallel_executor.executor.parallel:run_until_complete finished with '0'
[0.243s] DEBUG:colcon.colcon_core.event_reactor:joining thread
[0.246s] INFO:colcon.colcon_core.plugin_system:Skipping extension 'colcon_notification.desktop_notification.terminal_notifier': Not used on non-Darwin systems
[0.246s] INFO:colcon.colcon_core.plugin_system:Skipping extension 'colcon_notification.desktop_notification.win32': Not used on non-Windows systems
[0.246s] INFO:colcon.colcon_notification.desktop_notification:Sending desktop notification using 'notify2'
[0.253s] DEBUG:colcon.colcon_core.event_reactor:joined thread
[0.254s] INFO:colcon.colcon_core.plugin_system:Skipping extension 'colcon_core.shell.bat': Not used on non-Windows systems
[0.254s] INFO:colcon.colcon_core.shell:Creating prefix script '/home/lxg/A_workspace/Nav2/ddd_navigation/src/dddnav_std_descriptor/install/local_setup.ps1'
[0.255s] INFO:colcon.colcon_core.shell:Creating prefix util module '/home/lxg/A_workspace/Nav2/ddd_navigation/src/dddnav_std_descriptor/install/_local_setup_util_ps1.py'
[0.256s] INFO:colcon.colcon_core.shell:Creating prefix chain script '/home/lxg/A_workspace/Nav2/ddd_navigation/src/dddnav_std_descriptor/install/setup.ps1'
[0.256s] INFO:colcon.colcon_core.shell:Creating prefix script '/home/lxg/A_workspace/Nav2/ddd_navigation/src/dddnav_std_descriptor/install/local_setup.sh'
[0.256s] INFO:colcon.colcon_core.shell:Creating prefix util module '/home/lxg/A_workspace/Nav2/ddd_navigation/src/dddnav_std_descriptor/install/_local_setup_util_sh.py'
[0.257s] INFO:colcon.colcon_core.shell:Creating prefix chain script '/home/lxg/A_workspace/Nav2/ddd_navigation/src/dddnav_std_descriptor/install/setup.sh'
[0.257s] INFO:colcon.colcon_core.shell:Creating prefix script '/home/lxg/A_workspace/Nav2/ddd_navigation/src/dddnav_std_descriptor/install/local_setup.bash'
[0.258s] INFO:colcon.colcon_core.shell:Creating prefix chain script '/home/lxg/A_workspace/Nav2/ddd_navigation/src/dddnav_std_descriptor/install/setup.bash'
[0.258s] INFO:colcon.colcon_core.shell:Creating prefix script '/home/lxg/A_workspace/Nav2/ddd_navigation/src/dddnav_std_descriptor/install/local_setup.zsh'
[0.258s] INFO:colcon.colcon_core.shell:Creating prefix chain script '/home/lxg/A_workspace/Nav2/ddd_navigation/src/dddnav_std_descriptor/install/setup.zsh'
