Consolidate compiler generated dependencies of target dddnav_std_descriptor
[100%] Built target dddnav_std_descriptor
-- Install configuration: "Release"
-- Execute custom install script
-- Up-to-date symlink: /home/lxg/A_workspace/Nav2/ddd_navigation/src/dddnav_std_descriptor/install/dddnav_std_descriptor/include/dddnav_std_descriptor/STDesc.h
-- Up-to-date symlink: /home/lxg/A_workspace/Nav2/ddd_navigation/src/dddnav_std_descriptor/install/dddnav_std_descriptor/include/dddnav_std_descriptor/std_config_loader.h
-- Symlinking: /home/lxg/A_workspace/Nav2/ddd_navigation/src/dddnav_std_descriptor/install/dddnav_std_descriptor/include/dddnav_std_descriptor/std_db_io.h
-- Up-to-date symlink: /home/lxg/A_workspace/Nav2/ddd_navigation/src/dddnav_std_descriptor/install/dddnav_std_descriptor/share/dddnav_std_descriptor/environment/library_path.sh
-- Up-to-date symlink: /home/lxg/A_workspace/Nav2/ddd_navigation/src/dddnav_std_descriptor/install/dddnav_std_descriptor/share/dddnav_std_descriptor/environment/library_path.dsv
-- Up-to-date symlink: /home/lxg/A_workspace/Nav2/ddd_navigation/src/dddnav_std_descriptor/install/dddnav_std_descriptor/share/ament_index/resource_index/package_run_dependencies/dddnav_std_descriptor
-- Up-to-date symlink: /home/lxg/A_workspace/Nav2/ddd_navigation/src/dddnav_std_descriptor/install/dddnav_std_descriptor/share/ament_index/resource_index/parent_prefix_path/dddnav_std_descriptor
-- Up-to-date symlink: /home/lxg/A_workspace/Nav2/ddd_navigation/src/dddnav_std_descriptor/install/dddnav_std_descriptor/share/dddnav_std_descriptor/environment/ament_prefix_path.sh
-- Up-to-date symlink: /home/lxg/A_workspace/Nav2/ddd_navigation/src/dddnav_std_descriptor/install/dddnav_std_descriptor/share/dddnav_std_descriptor/environment/ament_prefix_path.dsv
-- Up-to-date symlink: /home/lxg/A_workspace/Nav2/ddd_navigation/src/dddnav_std_descriptor/install/dddnav_std_descriptor/share/dddnav_std_descriptor/environment/path.sh
-- Up-to-date symlink: /home/lxg/A_workspace/Nav2/ddd_navigation/src/dddnav_std_descriptor/install/dddnav_std_descriptor/share/dddnav_std_descriptor/environment/path.dsv
-- Up-to-date symlink: /home/lxg/A_workspace/Nav2/ddd_navigation/src/dddnav_std_descriptor/install/dddnav_std_descriptor/share/dddnav_std_descriptor/local_setup.bash
-- Up-to-date symlink: /home/lxg/A_workspace/Nav2/ddd_navigation/src/dddnav_std_descriptor/install/dddnav_std_descriptor/share/dddnav_std_descriptor/local_setup.sh
-- Up-to-date symlink: /home/lxg/A_workspace/Nav2/ddd_navigation/src/dddnav_std_descriptor/install/dddnav_std_descriptor/share/dddnav_std_descriptor/local_setup.zsh
-- Up-to-date symlink: /home/lxg/A_workspace/Nav2/ddd_navigation/src/dddnav_std_descriptor/install/dddnav_std_descriptor/share/dddnav_std_descriptor/local_setup.dsv
-- Symlinking: /home/lxg/A_workspace/Nav2/ddd_navigation/src/dddnav_std_descriptor/install/dddnav_std_descriptor/share/dddnav_std_descriptor/package.dsv
-- Up-to-date symlink: /home/lxg/A_workspace/Nav2/ddd_navigation/src/dddnav_std_descriptor/install/dddnav_std_descriptor/share/ament_index/resource_index/packages/dddnav_std_descriptor
-- Up-to-date symlink: /home/lxg/A_workspace/Nav2/ddd_navigation/src/dddnav_std_descriptor/install/dddnav_std_descriptor/share/dddnav_std_descriptor/cmake/ament_cmake_export_include_directories-extras.cmake
-- Up-to-date symlink: /home/lxg/A_workspace/Nav2/ddd_navigation/src/dddnav_std_descriptor/install/dddnav_std_descriptor/share/dddnav_std_descriptor/cmake/ament_cmake_export_libraries-extras.cmake
-- Up-to-date symlink: /home/lxg/A_workspace/Nav2/ddd_navigation/src/dddnav_std_descriptor/install/dddnav_std_descriptor/share/dddnav_std_descriptor/cmake/ament_cmake_export_targets-extras.cmake
-- Up-to-date symlink: /home/lxg/A_workspace/Nav2/ddd_navigation/src/dddnav_std_descriptor/install/dddnav_std_descriptor/share/dddnav_std_descriptor/cmake/ament_cmake_export_dependencies-extras.cmake
-- Up-to-date symlink: /home/lxg/A_workspace/Nav2/ddd_navigation/src/dddnav_std_descriptor/install/dddnav_std_descriptor/share/dddnav_std_descriptor/cmake/dddnav_std_descriptorConfig.cmake
-- Up-to-date symlink: /home/lxg/A_workspace/Nav2/ddd_navigation/src/dddnav_std_descriptor/install/dddnav_std_descriptor/share/dddnav_std_descriptor/cmake/dddnav_std_descriptorConfig-version.cmake
-- Up-to-date symlink: /home/lxg/A_workspace/Nav2/ddd_navigation/src/dddnav_std_descriptor/install/dddnav_std_descriptor/share/dddnav_std_descriptor/package.xml
-- Up-to-date: /home/lxg/A_workspace/Nav2/ddd_navigation/src/dddnav_std_descriptor/install/dddnav_std_descriptor/lib/libdddnav_std_descriptor.so
-- Up-to-date: /home/lxg/A_workspace/Nav2/ddd_navigation/src/dddnav_std_descriptor/install/dddnav_std_descriptor/share/dddnav_std_descriptor/cmake/export_dddnav_std_descriptorExport.cmake
-- Up-to-date: /home/lxg/A_workspace/Nav2/ddd_navigation/src/dddnav_std_descriptor/install/dddnav_std_descriptor/share/dddnav_std_descriptor/cmake/export_dddnav_std_descriptorExport-release.cmake
