[0.007s] Invoking command in '/home/lxg/A_workspace/Nav2/ddd_navigation/src/dddnav_std_descriptor/build/dddnav_std_descriptor': CMAKE_PREFIX_PATH=/opt/ros/humble /usr/bin/cmake --build /home/lxg/A_workspace/Nav2/ddd_navigation/src/dddnav_std_descriptor/build/dddnav_std_descriptor -- -j20 -l20
[0.052s] Consolidate compiler generated dependencies of target dddnav_std_descriptor
[0.069s] [100%] Built target dddnav_std_descriptor
[0.084s] Invoked command in '/home/lxg/A_workspace/Nav2/ddd_navigation/src/dddnav_std_descriptor/build/dddnav_std_descriptor' returned '0': CMAKE_PREFIX_PATH=/opt/ros/humble /usr/bin/cmake --build /home/lxg/A_workspace/Nav2/ddd_navigation/src/dddnav_std_descriptor/build/dddnav_std_descriptor -- -j20 -l20
[0.092s] Invoking command in '/home/lxg/A_workspace/Nav2/ddd_navigation/src/dddnav_std_descriptor/build/dddnav_std_descriptor': CMAKE_PREFIX_PATH=/opt/ros/humble /usr/bin/cmake --install /home/lxg/A_workspace/Nav2/ddd_navigation/src/dddnav_std_descriptor/build/dddnav_std_descriptor
[0.097s] -- Install configuration: "Release"
[0.098s] -- Execute custom install script
[0.098s] -- Up-to-date symlink: /home/lxg/A_workspace/Nav2/ddd_navigation/src/dddnav_std_descriptor/install/dddnav_std_descriptor/include/dddnav_std_descriptor/STDesc.h
[0.098s] -- Up-to-date symlink: /home/lxg/A_workspace/Nav2/ddd_navigation/src/dddnav_std_descriptor/install/dddnav_std_descriptor/include/dddnav_std_descriptor/std_config_loader.h
[0.098s] -- Symlinking: /home/lxg/A_workspace/Nav2/ddd_navigation/src/dddnav_std_descriptor/install/dddnav_std_descriptor/include/dddnav_std_descriptor/std_db_io.h
[0.104s] -- Up-to-date symlink: /home/lxg/A_workspace/Nav2/ddd_navigation/src/dddnav_std_descriptor/install/dddnav_std_descriptor/share/dddnav_std_descriptor/environment/library_path.sh
[0.105s] -- Up-to-date symlink: /home/lxg/A_workspace/Nav2/ddd_navigation/src/dddnav_std_descriptor/install/dddnav_std_descriptor/share/dddnav_std_descriptor/environment/library_path.dsv
[0.105s] -- Up-to-date symlink: /home/lxg/A_workspace/Nav2/ddd_navigation/src/dddnav_std_descriptor/install/dddnav_std_descriptor/share/ament_index/resource_index/package_run_dependencies/dddnav_std_descriptor
[0.105s] -- Up-to-date symlink: /home/lxg/A_workspace/Nav2/ddd_navigation/src/dddnav_std_descriptor/install/dddnav_std_descriptor/share/ament_index/resource_index/parent_prefix_path/dddnav_std_descriptor
[0.105s] -- Up-to-date symlink: /home/lxg/A_workspace/Nav2/ddd_navigation/src/dddnav_std_descriptor/install/dddnav_std_descriptor/share/dddnav_std_descriptor/environment/ament_prefix_path.sh
[0.105s] -- Up-to-date symlink: /home/lxg/A_workspace/Nav2/ddd_navigation/src/dddnav_std_descriptor/install/dddnav_std_descriptor/share/dddnav_std_descriptor/environment/ament_prefix_path.dsv
[0.105s] -- Up-to-date symlink: /home/lxg/A_workspace/Nav2/ddd_navigation/src/dddnav_std_descriptor/install/dddnav_std_descriptor/share/dddnav_std_descriptor/environment/path.sh
[0.105s] -- Up-to-date symlink: /home/lxg/A_workspace/Nav2/ddd_navigation/src/dddnav_std_descriptor/install/dddnav_std_descriptor/share/dddnav_std_descriptor/environment/path.dsv
[0.105s] -- Up-to-date symlink: /home/lxg/A_workspace/Nav2/ddd_navigation/src/dddnav_std_descriptor/install/dddnav_std_descriptor/share/dddnav_std_descriptor/local_setup.bash
[0.105s] -- Up-to-date symlink: /home/lxg/A_workspace/Nav2/ddd_navigation/src/dddnav_std_descriptor/install/dddnav_std_descriptor/share/dddnav_std_descriptor/local_setup.sh
[0.105s] -- Up-to-date symlink: /home/lxg/A_workspace/Nav2/ddd_navigation/src/dddnav_std_descriptor/install/dddnav_std_descriptor/share/dddnav_std_descriptor/local_setup.zsh
[0.105s] -- Up-to-date symlink: /home/lxg/A_workspace/Nav2/ddd_navigation/src/dddnav_std_descriptor/install/dddnav_std_descriptor/share/dddnav_std_descriptor/local_setup.dsv
[0.105s] -- Symlinking: /home/lxg/A_workspace/Nav2/ddd_navigation/src/dddnav_std_descriptor/install/dddnav_std_descriptor/share/dddnav_std_descriptor/package.dsv
[0.111s] -- Up-to-date symlink: /home/lxg/A_workspace/Nav2/ddd_navigation/src/dddnav_std_descriptor/install/dddnav_std_descriptor/share/ament_index/resource_index/packages/dddnav_std_descriptor
[0.111s] -- Up-to-date symlink: /home/lxg/A_workspace/Nav2/ddd_navigation/src/dddnav_std_descriptor/install/dddnav_std_descriptor/share/dddnav_std_descriptor/cmake/ament_cmake_export_include_directories-extras.cmake
[0.111s] -- Up-to-date symlink: /home/lxg/A_workspace/Nav2/ddd_navigation/src/dddnav_std_descriptor/install/dddnav_std_descriptor/share/dddnav_std_descriptor/cmake/ament_cmake_export_libraries-extras.cmake
[0.111s] -- Up-to-date symlink: /home/lxg/A_workspace/Nav2/ddd_navigation/src/dddnav_std_descriptor/install/dddnav_std_descriptor/share/dddnav_std_descriptor/cmake/ament_cmake_export_targets-extras.cmake
[0.111s] -- Up-to-date symlink: /home/lxg/A_workspace/Nav2/ddd_navigation/src/dddnav_std_descriptor/install/dddnav_std_descriptor/share/dddnav_std_descriptor/cmake/ament_cmake_export_dependencies-extras.cmake
[0.112s] -- Up-to-date symlink: /home/lxg/A_workspace/Nav2/ddd_navigation/src/dddnav_std_descriptor/install/dddnav_std_descriptor/share/dddnav_std_descriptor/cmake/dddnav_std_descriptorConfig.cmake
[0.112s] -- Up-to-date symlink: /home/lxg/A_workspace/Nav2/ddd_navigation/src/dddnav_std_descriptor/install/dddnav_std_descriptor/share/dddnav_std_descriptor/cmake/dddnav_std_descriptorConfig-version.cmake
[0.112s] -- Up-to-date symlink: /home/lxg/A_workspace/Nav2/ddd_navigation/src/dddnav_std_descriptor/install/dddnav_std_descriptor/share/dddnav_std_descriptor/package.xml
[0.112s] -- Up-to-date: /home/lxg/A_workspace/Nav2/ddd_navigation/src/dddnav_std_descriptor/install/dddnav_std_descriptor/lib/libdddnav_std_descriptor.so
[0.112s] -- Up-to-date: /home/lxg/A_workspace/Nav2/ddd_navigation/src/dddnav_std_descriptor/install/dddnav_std_descriptor/share/dddnav_std_descriptor/cmake/export_dddnav_std_descriptorExport.cmake
[0.112s] -- Up-to-date: /home/lxg/A_workspace/Nav2/ddd_navigation/src/dddnav_std_descriptor/install/dddnav_std_descriptor/share/dddnav_std_descriptor/cmake/export_dddnav_std_descriptorExport-release.cmake
[0.113s] Invoked command in '/home/lxg/A_workspace/Nav2/ddd_navigation/src/dddnav_std_descriptor/build/dddnav_std_descriptor' returned '0': CMAKE_PREFIX_PATH=/opt/ros/humble /usr/bin/cmake --install /home/lxg/A_workspace/Nav2/ddd_navigation/src/dddnav_std_descriptor/build/dddnav_std_descriptor
